// Jest Snapshot v1, https://goo.gl/fbAQLP

exports[`<TodoListItem /> Debe renderizar correctamente 1`] = `
<li
  className="list-group-item"
>
  <p
    className="false"
    onClick={[Function]}
  >
    1. undefined
  </p>
  <button
    className="btn btn-danger"
    onClick={[Function]}
  >
    Borrar
  </button>
</li>
`;
