// Jest Snapshot v1, https://goo.gl/fbAQLP

exports[`<GifGridItem /> Debe renderizar correctamente 1`] = `
<div
  className="card animate__animated animate__fadeIn"
>
  <img
    alt="Title"
    src="http://google.com/img.jpg"
  />
  <p>
    Title
  </p>
</div>
`;
